[2025-10-07T16:49:21+00:00] MSG_RECEIVED: chat=2020715168 text=/start
[2025-10-07T16:49:21+00:00] MSG_INFO: fell through
[2025-10-07T16:49:21+00:00] MSG_RECEIVED: chat=2020715168 text=/admin
[2025-10-07T16:49:22+00:00] MSG_HANDLED: open admin panel
[2025-10-07T16:49:25+00:00] CB_RECEIVED: chat=2020715168 data=admin_stats
[2025-10-07T16:49:27+00:00] CB_HANDLED: admin_stats
[2025-10-07T16:49:30+00:00] CB_RECEIVED: chat=2020715168 data=admin_panel
[2025-10-07T16:49:31+00:00] CB_HANDLED: open_menu admin_panel
[2025-10-07T16:49:35+00:00] CB_RECEIVED: chat=2020715168 data=admin_add_product
[2025-10-07T16:49:36+00:00] CB_HANDLED: start add_product
[2025-10-07T16:49:55+00:00] MSG_RECEIVED: chat=2020715168 text=دوره افلاین ایلتس حرف
[2025-10-07T16:49:56+00:00] STATE: add_product -> step 2
[2025-10-07T16:50:04+00:00] MSG_RECEIVED: chat=2020715168 text=سه ماه تلاش کن
[2025-10-07T16:50:05+00:00] STATE: add_product -> step 3
[2025-10-07T16:50:13+00:00] MSG_RECEIVED: chat=2020715168 text=899999
[2025-10-07T16:50:14+00:00] STATE: add_product -> step 4
[2025-10-07T16:50:17+00:00] MSG_RECEIVED: chat=2020715168 text=خودم
[2025-10-07T16:50:18+00:00] STATE: add_product -> step 5
[2025-10-07T16:50:40+00:00] MSG_RECEIVED: chat=2020715168 text=https://t4.ftcdn.net/jpg/03/11/84/77/360_F_311847762_QImipgyQj9a
[2025-10-07T16:50:41+00:00] STATE: add_product -> step 6 (await category)
[2025-10-07T16:50:45+00:00] CB_RECEIVED: chat=2020715168 data=admin_p_select_cat_3
[2025-10-07T17:05:17+00:00] MSG_RECEIVED: chat=2020715168 text=/start
[2025-10-07T17:05:17+00:00] MSG_INFO: fell through
[2025-10-07T17:05:21+00:00] MSG_RECEIVED: chat=2020715168 text=/admin
[2025-10-07T17:05:22+00:00] MSG_HANDLED: open admin panel
[2025-10-07T17:05:26+00:00] CB_RECEIVED: chat=2020715168 data=admin_stats
[2025-10-07T17:05:27+00:00] CB_HANDLED: admin_stats
[2025-10-07T17:05:29+00:00] CB_RECEIVED: chat=2020715168 data=admin_panel
[2025-10-07T17:05:30+00:00] CB_HANDLED: open_menu admin_panel
[2025-10-07T17:05:32+00:00] CB_RECEIVED: chat=2020715168 data=admin_add_product
[2025-10-07T17:05:33+00:00] CB_HANDLED: start add_product
[2025-10-07T17:05:45+00:00] MSG_RECEIVED: chat=2020715168 text=دوره افلاین تست
[2025-10-07T17:05:46+00:00] STATE: add_product -> step 2
[2025-10-07T17:05:51+00:00] MSG_RECEIVED: chat=2020715168 text=تست توضیحات
[2025-10-07T17:05:52+00:00] STATE: add_product -> step 3
[2025-10-07T17:05:55+00:00] MSG_RECEIVED: chat=2020715168 text=88388383
[2025-10-07T17:05:56+00:00] STATE: add_product -> step 4
[2025-10-07T17:05:58+00:00] MSG_RECEIVED: chat=2020715168 text=خیی
[2025-10-07T17:05:59+00:00] STATE: add_product -> step 5
[2025-10-07T17:06:20+00:00] MSG_RECEIVED: chat=2020715168 text=https://media.istockphoto.com/id/2196870531/photo/making-decisio
[2025-10-07T17:06:21+00:00] STATE: add_product -> step 6 (await category)
[2025-10-07T17:06:24+00:00] CB_RECEIVED: chat=2020715168 data=admin_p_select_cat_3
[2025-10-07T17:06:24+00:00] STEP6_BEGIN: cat=3
[2025-10-07T17:06:24+00:00] STEP6_STATE: id=6 step=6 pname=add_product
[2025-10-07T17:06:24+00:00] STEP6_DATA: title=دوره افلاین تست price=88388383 author=خیی image=https://media.istockphoto.com/id/2196870531/photo/making-dec
[2025-10-07T17:06:24+00:00] STEP6_EXCEPTION: SQLSTATE[HY000]: General error: 1364 Field 'inventory' doesn't have a default value
[2025-10-07T17:06:24+00:00] STEP6_PDO: sqlstate=00000 driver= msg=
[2025-10-07T17:20:43+00:00] MSG_RECEIVED: chat=2020715168 text=/start
[2025-10-07T17:20:43+00:00] MSG_INFO: fell through
[2025-10-07T17:20:47+00:00] MSG_RECEIVED: chat=2020715168 text=/admin
[2025-10-07T17:20:48+00:00] MSG_HANDLED: open admin panel
[2025-10-07T17:20:57+00:00] CB_RECEIVED: chat=2020715168 data=admin_add_product
[2025-10-07T17:20:58+00:00] CB_HANDLED: start add_product
[2025-10-07T17:21:18+00:00] MSG_RECEIVED: chat=2020715168 text=ieltsافلاین تتتت
[2025-10-07T17:21:19+00:00] STATE: add_product -> step 2
[2025-10-07T17:21:26+00:00] MSG_RECEIVED: chat=2020715168 text=تتتتتتتست تو
[2025-10-07T17:21:27+00:00] STATE: add_product -> step 3
[2025-10-07T17:21:34+00:00] MSG_RECEIVED: chat=2020715168 text=8888822255
[2025-10-07T17:21:35+00:00] STATE: add_product -> step 4
[2025-10-07T17:21:39+00:00] MSG_RECEIVED: chat=2020715168 text=mmm
[2025-10-07T17:21:41+00:00] STATE: add_product -> step 5
[2025-10-07T17:22:07+00:00] MSG_RECEIVED: chat=2020715168 text=https://t4.ftcdn.net/jpg/03/11/84/77/360_F_311847762_QImipgyQj9a
[2025-10-07T17:22:08+00:00] STATE: add_product -> step 6 (await category)
[2025-10-07T17:22:11+00:00] CB_RECEIVED: chat=2020715168 data=admin_p_select_cat_3
[2025-10-07T17:22:11+00:00] STEP6_BEGIN: cat=3
[2025-10-07T17:22:11+00:00] STEP6_STATE: id=7 step=6 pname=add_product
[2025-10-07T17:22:11+00:00] STEP6_DATA: title=ieltsافلاین تتتت price=8888822255 author=mmm image=https://t4.ftcdn.net/jpg/03/11/84/77/360_F_311847762_QImipgy inv=0
[2025-10-07T17:22:11+00:00] STEP6_CREATED: product_id=13
[2025-10-07T17:22:11+00:00] STEP6_STATE_DELETED: id=7
[2025-10-07T17:22:14+00:00] STEP6_DONE
[2025-10-07T17:23:32+00:00] CB_RECEIVED: chat=2020715168 data=admin_edit_product
[2025-10-07T17:23:33+00:00] CB_HANDLED: list edit_product
[2025-10-07T17:23:38+00:00] CB_RECEIVED: chat=2020715168 data=admin_edit_select_13
[2025-10-07T17:23:40+00:00] CB_HANDLED: showProductInfo view pid=13
[2025-10-07T17:23:44+00:00] CB_RECEIVED: chat=2020715168 data=admin_edit_select_13
[2025-10-07T17:23:45+00:00] CB_HANDLED: showProductInfo view pid=13
[2025-10-07T17:23:50+00:00] CB_RECEIVED: chat=2020715168 data=admin_edit_select_13
[2025-10-07T17:23:51+00:00] CB_HANDLED: showProductInfo view pid=13
[2025-10-07T17:23:58+00:00] CB_RECEIVED: chat=2020715168 data=admin_panel
[2025-10-07T17:23:59+00:00] CB_HANDLED: open_menu admin_panel
[2025-10-07T17:24:02+00:00] CB_RECEIVED: chat=2020715168 data=admin_delete_product
[2025-10-07T17:24:03+00:00] CB_HANDLED: list delete_product
[2025-10-07T17:24:06+00:00] CB_RECEIVED: chat=2020715168 data=admin_delete_select_13
[2025-10-07T17:24:07+00:00] CB_HANDLED: showProductInfo delete pid=13
[2025-10-07T17:24:10+00:00] CB_RECEIVED: chat=2020715168 data=admin_delete_confirm_13
[2025-10-07T17:24:11+00:00] CB_HANDLED: delete_confirm pid=13
[2025-10-07T17:25:02+00:00] CB_RECEIVED: chat=2020715168 data=admin_panel
[2025-10-07T17:25:03+00:00] CB_HANDLED: open_menu admin_panel
[2025-10-07T17:25:09+00:00] CB_RECEIVED: chat=2020715168 data=admin_add_category
[2025-10-07T17:25:10+00:00] CB_HANDLED: start add_category
[2025-10-07T17:25:14+00:00] MSG_RECEIVED: chat=2020715168 text=jsss
[2025-10-07T17:25:15+00:00] STATE: add_category -> step 2
[2025-10-07T17:25:23+00:00] MSG_RECEIVED: chat=2020715168 text=🤓
[2025-10-07T17:25:27+00:00] STATE_DONE: add_category name=jsss
[2025-10-07T17:25:30+00:00] CB_RECEIVED: chat=2020715168 data=admin_add_product
[2025-10-07T17:25:32+00:00] CB_HANDLED: start add_product
[2025-10-07T17:25:36+00:00] MSG_RECEIVED: chat=2020715168 text=terst
[2025-10-07T17:25:37+00:00] STATE: add_product -> step 2
[2025-10-07T17:25:41+00:00] MSG_RECEIVED: chat=2020715168 text=dddd
[2025-10-07T17:25:41+00:00] STATE: add_product -> step 3
[2025-10-07T17:25:46+00:00] MSG_RECEIVED: chat=2020715168 text=55
[2025-10-07T17:25:47+00:00] STATE: add_product -> step 4
[2025-10-07T17:25:50+00:00] MSG_RECEIVED: chat=2020715168 text=dd
[2025-10-07T17:25:51+00:00] STATE: add_product -> step 5
[2025-10-07T17:25:52+00:00] MSG_RECEIVED: chat=2020715168 text=https://t4.ftcdn.net/jpg/03/11/84/77/360_F_311847762_QImipgyQj9a
[2025-10-07T17:25:53+00:00] STATE: add_product -> step 6 (await category)
[2025-10-07T17:25:57+00:00] CB_RECEIVED: chat=2020715168 data=admin_p_select_cat_4
[2025-10-07T17:25:57+00:00] STEP6_BEGIN: cat=4
[2025-10-07T17:25:57+00:00] STEP6_STATE: id=9 step=6 pname=add_product
[2025-10-07T17:25:57+00:00] STEP6_DATA: title=terst price=55 author=dd image=https://t4.ftcdn.net/jpg/03/11/84/77/360_F_311847762_QImipgy inv=0
[2025-10-07T17:25:57+00:00] STEP6_CREATED: product_id=14
[2025-10-07T17:25:57+00:00] STEP6_STATE_DELETED: id=9
[2025-10-07T17:25:59+00:00] STEP6_DONE
[2025-10-07T17:26:29+00:00] CB_RECEIVED: chat=2020715168 data=admin_edit_product
[2025-10-07T17:26:30+00:00] CB_HANDLED: list edit_product
[2025-10-07T17:26:33+00:00] CB_RECEIVED: chat=2020715168 data=admin_edit_select_14
[2025-10-07T17:26:34+00:00] CB_HANDLED: showProductInfo view pid=14
[2025-10-07T17:26:41+00:00] CB_RECEIVED: chat=2020715168 data=admin_edit_select_14
[2025-10-07T17:26:42+00:00] CB_HANDLED: showProductInfo view pid=14
[2025-10-07T17:46:02+00:00] MSG_RECEIVED: chat=2020715168 text=/start
[2025-10-07T17:46:02+00:00] MSG_INFO: no active state
[2025-10-07T17:46:02+00:00] MSG_RECEIVED: chat=2020715168 text=/admin
[2025-10-07T17:46:04+00:00] MSG_HANDLED: open admin panel
[2025-10-07T17:46:15+00:00] CB_RECEIVED: chat=2020715168 data=admin_stats
[2025-10-07T17:46:16+00:00] CB_HANDLED: admin_stats
[2025-10-07T17:46:20+00:00] CB_RECEIVED: chat=2020715168 data=admin_panel
[2025-10-07T17:46:21+00:00] CB_HANDLED: open_menu admin_panel
[2025-10-07T17:46:29+00:00] CB_RECEIVED: chat=2020715168 data=admin_add_product
[2025-10-07T17:46:30+00:00] CB_HANDLED: start add_product
[2025-10-07T17:46:32+00:00] MSG_RECEIVED: chat=2020715168 text=/cancel
[2025-10-07T17:46:34+00:00] MSG_HANDLED: cancel
[2025-10-07T17:46:37+00:00] CB_RECEIVED: chat=2020715168 data=admin_edit_product
[2025-10-07T17:46:38+00:00] CB_HANDLED: list edit_product
[2025-10-07T17:46:41+00:00] CB_RECEIVED: chat=2020715168 data=admin_edit_select_14
[2025-10-07T17:46:42+00:00] CB_HANDLED: showProductInfo view pid=14
[2025-10-07T17:46:45+00:00] CB_RECEIVED: chat=2020715168 data=admin_edit_menu_14
[2025-10-07T17:46:46+00:00] CB_HANDLED: open edit menu pid=14
[2025-10-07T18:14:35+00:00] CB_RECEIVED: chat=2020715168 data=admin_edit_field_price_14
[2025-10-07T18:14:37+00:00] CB_RECEIVED: chat=2020715168 data=admin_edit_field_price_14
[2025-10-07T18:14:39+00:00] CB_RECEIVED: chat=2020715168 data=admin_edit_field_author_14
[2025-10-07T18:14:46+00:00] CB_RECEIVED: chat=2020715168 data=admin_edit_field_title_14
[2025-10-07T18:27:16+00:00] CB_RECEIVED: chat=2020715168 data=admin_edit_field_title_14
[2025-10-07T18:27:22+00:00] MSG_RECEIVED: chat=2020715168 text=/start
[2025-10-07T18:27:22+00:00] MSG_INFO: no active state
[2025-10-07T18:27:32+00:00] MSG_RECEIVED: chat=2020715168 text=/admin
[2025-10-07T18:27:37+00:00] MSG_HANDLED: open admin panel
[2025-10-07T18:27:45+00:00] MSG_RECEIVED: chat=2020715168 text=/admin
[2025-10-07T18:27:50+00:00] MSG_HANDLED: open admin panel
[2025-10-07T18:27:56+00:00] CB_RECEIVED: chat=2020715168 data=admin_edit_product
[2025-10-07T18:28:01+00:00] CB_HANDLED: list edit_product
[2025-10-07T18:28:09+00:00] CB_RECEIVED: chat=2020715168 data=admin_edit_product
[2025-10-07T18:28:12+00:00] CB_HANDLED: list edit_product
[2025-10-07T18:28:23+00:00] CB_RECEIVED: chat=2020715168 data=admin_edit_product
[2025-10-07T18:28:28+00:00] CB_HANDLED: list edit_product
[2025-10-07T18:28:35+00:00] CB_RECEIVED: chat=2020715168 data=admin_edit_select_14
[2025-10-07T18:28:38+00:00] CB_HANDLED: showProductInfo view pid=14
[2025-10-07T18:28:45+00:00] CB_RECEIVED: chat=2020715168 data=admin_edit_menu_14
[2025-10-07T18:28:54+00:00] CB_HANDLED: open edit menu pid=14
[2025-10-07T18:29:34+00:00] CB_RECEIVED: chat=2020715168 data=admin_edit_field_title_14
[2025-10-07T18:29:44+00:00] CB_RECEIVED: chat=2020715168 data=admin_edit_field_price_14
[2025-10-07T20:18:56+00:00] MSG_RECEIVED: chat=2020715168 text=/admin
[2025-10-07T20:18:57+00:00] MSG_HANDLED: open admin panel
[2025-10-07T20:19:06+00:00] CB_RECEIVED: chat=2020715168 data=admin_stats
[2025-10-07T20:19:07+00:00] CB_HANDLED: admin_stats
[2025-10-07T20:19:09+00:00] CB_RECEIVED: chat=2020715168 data=admin_stats
[2025-10-07T20:19:09+00:00] CB_HANDLED: admin_stats
[2025-10-07T20:19:11+00:00] CB_RECEIVED: chat=2020715168 data=admin_panel
[2025-10-07T20:19:12+00:00] CB_HANDLED: open_menu admin_panel
[2025-10-07T20:19:17+00:00] CB_RECEIVED: chat=2020715168 data=admin_add_product
[2025-10-07T20:19:18+00:00] CB_HANDLED: start add_product
[2025-10-07T20:19:20+00:00] MSG_RECEIVED: chat=2020715168 text=/cancel
[2025-10-07T20:19:22+00:00] MSG_HANDLED: cancel
[2025-10-07T20:19:27+00:00] CB_RECEIVED: chat=2020715168 data=admin_edit_product
[2025-10-07T20:19:28+00:00] CB_HANDLED: list edit_product
[2025-10-07T20:19:31+00:00] CB_RECEIVED: chat=2020715168 data=admin_edit_select_14
[2025-10-07T20:19:32+00:00] CB_HANDLED: showProductInfo view pid=14
[2025-10-07T20:19:35+00:00] CB_RECEIVED: chat=2020715168 data=admin_edit_menu_14
[2025-10-07T20:19:36+00:00] CB_HANDLED: open edit menu pid=14
[2025-10-07T20:19:45+00:00] CB_RECEIVED: chat=2020715168 data=admin_edit_field_price_14
[2025-10-07T20:27:45+00:00] MSG_RECEIVED: chat=2020715168 text=Admin
[2025-10-07T20:27:45+00:00] MSG_INFO: no active state
[2025-10-07T20:27:49+00:00] MSG_RECEIVED: chat=2020715168 text=/admin
[2025-10-07T20:27:50+00:00] MSG_HANDLED: open admin panel
[2025-10-07T20:27:54+00:00] CB_RECEIVED: chat=2020715168 data=admin_edit_product
[2025-10-07T20:27:55+00:00] CB_HANDLED: list edit_product
[2025-10-07T20:27:58+00:00] CB_RECEIVED: chat=2020715168 data=admin_edit_select_14
[2025-10-07T20:27:59+00:00] CB_HANDLED: showProductInfo view pid=14
[2025-10-07T20:28:02+00:00] CB_RECEIVED: chat=2020715168 data=admin_edit_menu_14
[2025-10-07T20:28:03+00:00] CB_HANDLED: open edit menu pid=14
[2025-10-07T20:28:06+00:00] CB_RECEIVED: chat=2020715168 data=admin_edit_field_price_14
[2025-10-07T20:28:07+00:00] CB_HANDLED: start edit field=price pid=14
[2025-10-07T20:28:14+00:00] MSG_RECEIVED: chat=2020715168 text=20
[2025-10-07T20:28:16+00:00] EDIT_DONE: field=price pid=14 value=20
[2025-10-07T20:28:21+00:00] CB_RECEIVED: chat=2020715168 data=admin_panel
[2025-10-07T20:28:22+00:00] CB_HANDLED: open_menu admin_panel
[2025-10-07T20:28:30+00:00] CB_RECEIVED: chat=2020715168 data=admin_stats
[2025-10-07T20:28:31+00:00] CB_HANDLED: admin_stats
[2025-10-07T20:28:35+00:00] CB_RECEIVED: chat=2020715168 data=admin_panel
[2025-10-07T20:28:36+00:00] CB_HANDLED: open_menu admin_panel
[2025-10-07T20:28:47+00:00] CB_RECEIVED: chat=2020715168 data=admin_add_category
[2025-10-07T20:28:48+00:00] CB_HANDLED: start add_category
[2025-10-07T20:29:00+00:00] MSG_RECEIVED: chat=2020715168 text=تست ۳
[2025-10-07T20:29:01+00:00] STATE: add_category -> step 2
[2025-10-07T20:29:06+00:00] MSG_RECEIVED: chat=2020715168 text=🥰
[2025-10-07T20:29:08+00:00] STATE_DONE: add_category name=تست ۳
[2025-10-07T20:29:14+00:00] CB_RECEIVED: chat=2020715168 data=admin_add_product
[2025-10-07T20:29:14+00:00] CB_HANDLED: start add_product
[2025-10-07T20:29:21+00:00] MSG_RECEIVED: chat=2020715168 text=اسم تست ۳
[2025-10-07T20:29:22+00:00] STATE: add_product -> step 2
[2025-10-07T20:29:30+00:00] MSG_RECEIVED: chat=2020715168 text=توضیحات محصول ۳
[2025-10-07T20:29:31+00:00] STATE: add_product -> step 3
[2025-10-07T20:29:36+00:00] MSG_RECEIVED: chat=2020715168 text=89
[2025-10-07T20:29:37+00:00] STATE: add_product -> step 4
[2025-10-07T20:29:41+00:00] MSG_RECEIVED: chat=2020715168 text=خودم
[2025-10-07T20:29:42+00:00] STATE: add_product -> step 5
[2025-10-07T20:30:37+00:00] MSG_RECEIVED: chat=2020715168 text=https://share.google/Adn8ZDsAn3QS2UFXS
[2025-10-07T20:30:39+00:00] STATE: add_product -> step 6 (await category)
[2025-10-07T20:30:44+00:00] CB_RECEIVED: chat=2020715168 data=admin_p_select_cat_5
[2025-10-07T20:30:44+00:00] STEP6_BEGIN: cat=5
[2025-10-07T20:30:44+00:00] STEP6_STATE: id=14 step=6 pname=add_product
[2025-10-07T20:30:44+00:00] STEP6_DATA: title=اسم تست ۳ price=89 author=خودم image=https://share.google/Adn8ZDsAn3QS2UFXS inv=0
[2025-10-07T20:30:44+00:00] STEP6_CREATED: product_id=15
[2025-10-07T20:30:44+00:00] STEP6_STATE_DELETED: id=14
[2025-10-07T20:30:48+00:00] STEP6_DONE
[2025-10-07T21:03:18+00:00] CB_RECEIVED: chat=2020715168 data=admin_contact_buyer_8
[2025-10-07T21:03:19+00:00] CB_HANDLED: contact_buyer oid=8 buyer=6082580726
[2025-10-07T21:03:43+00:00] MSG_RECEIVED: chat=2020715168 text=خوبی این چیه فرستادی؟
[2025-10-07T21:03:45+00:00] DIALOG_INFO: sent to buyer=6082580726 by admin=2020715168 order=8
[2025-10-07T21:03:54+00:00] MSG_RECEIVED: chat=2020715168 type=message_id,from,chat,date,photo
[2025-10-07T21:03:56+00:00] DIALOG_INFO: sent to buyer=6082580726 by admin=2020715168 order=8
[2025-10-07T21:04:00+00:00] MSG_RECEIVED: chat=2020715168 text=آفرین
[2025-10-07T21:04:02+00:00] DIALOG_INFO: sent to buyer=6082580726 by admin=2020715168 order=8
[2025-10-07T21:04:05+00:00] CB_RECEIVED: chat=2020715168 data=admin_close_dialog_6082580726
[2025-10-07T21:04:06+00:00] CB_HANDLED: close_dialog buyer=6082580726
[2025-10-07T21:05:20+00:00] MSG_RECEIVED: chat=2020715168 text=/admin
[2025-10-07T21:05:21+00:00] MSG_HANDLED: open admin panel
[2025-10-07T21:06:04+00:00] CB_RECEIVED: chat=2020715168 data=admin_edit_product
[2025-10-07T21:06:05+00:00] CB_HANDLED: list edit_product
[2025-10-07T21:06:11+00:00] CB_RECEIVED: chat=2020715168 data=admin_edit_select_15
[2025-10-07T21:06:12+00:00] CB_HANDLED: showProductInfo view pid=15
[2025-10-07T21:06:15+00:00] CB_RECEIVED: chat=2020715168 data=admin_edit_menu_15
[2025-10-07T21:06:16+00:00] CB_HANDLED: open edit menu pid=15
[2025-10-07T21:06:22+00:00] CB_RECEIVED: chat=2020715168 data=admin_edit_field_title_15
[2025-10-07T21:06:23+00:00] CB_HANDLED: start edit field=title pid=15
[2025-10-07T21:06:30+00:00] MSG_RECEIVED: chat=2020715168 text=تست ۳ ویرایش شده
[2025-10-07T21:06:34+00:00] EDIT_DONE: field=title pid=15 value=تست ۳ ویرایش شده
[2025-10-07T21:06:45+00:00] CB_RECEIVED: chat=2020715168 data=admin_panel
[2025-10-07T21:06:46+00:00] CB_HANDLED: open_menu admin_panel
[2025-10-07T21:06:50+00:00] CB_RECEIVED: chat=2020715168 data=admin_edit_product
[2025-10-07T21:06:51+00:00] CB_HANDLED: list edit_product
[2025-10-07T21:06:54+00:00] CB_RECEIVED: chat=2020715168 data=admin_panel
[2025-10-07T21:06:55+00:00] CB_HANDLED: open_menu admin_panel
[2025-10-07T21:07:01+00:00] CB_RECEIVED: chat=2020715168 data=admin_edit_product
[2025-10-07T21:07:02+00:00] CB_HANDLED: list edit_product
[2025-10-07T21:07:06+00:00] CB_RECEIVED: chat=2020715168 data=admin_edit_select_15
[2025-10-07T21:07:07+00:00] CB_HANDLED: showProductInfo view pid=15
[2025-10-07T21:07:10+00:00] CB_RECEIVED: chat=2020715168 data=admin_edit_menu_15
[2025-10-07T21:07:11+00:00] CB_HANDLED: open edit menu pid=15
[2025-10-07T21:07:14+00:00] CB_RECEIVED: chat=2020715168 data=admin_edit_toggle_status_15
[2025-10-07T21:07:16+00:00] CB_HANDLED: toggle_status pid=15 -> disable
[2025-10-07T21:08:29+00:00] MSG_RECEIVED: chat=2020715168 text=/admin
[2025-10-07T21:08:30+00:00] MSG_HANDLED: open admin panel
[2025-10-07T21:08:47+00:00] CB_RECEIVED: chat=2020715168 data=admin_edit_product
[2025-10-07T21:08:48+00:00] CB_HANDLED: list edit_product
[2025-10-07T21:08:51+00:00] CB_RECEIVED: chat=2020715168 data=admin_edit_select_14
[2025-10-07T21:08:52+00:00] CB_HANDLED: showProductInfo view pid=14
[2025-10-07T21:08:55+00:00] CB_RECEIVED: chat=2020715168 data=admin_panel
[2025-10-07T21:08:56+00:00] CB_HANDLED: open_menu admin_panel
[2025-10-07T21:09:01+00:00] CB_RECEIVED: chat=2020715168 data=admin_edit_product
[2025-10-07T21:09:02+00:00] CB_HANDLED: list edit_product
[2025-10-07T21:09:11+00:00] CB_RECEIVED: chat=2020715168 data=admin_panel
[2025-10-07T21:09:12+00:00] CB_HANDLED: open_menu admin_panel
[2025-10-07T21:27:11+00:00] MSG_RECEIVED: chat=2020715168 text=/start
[2025-10-07T21:27:11+00:00] MSG_INFO: no active state
[2025-10-07T21:27:33+00:00] MSG_RECEIVED: chat=2020715168 text=/admin
[2025-10-07T21:27:36+00:00] MSG_HANDLED: open admin root (internal)
[2025-10-07T21:28:20+00:00] CB_RECEIVED: chat=2020715168 data=admin_orders_paid
[2025-10-07T21:28:35+00:00] CB_RECEIVED: chat=2020715168 data=admin_edit_product_all
[2025-10-07T21:28:52+00:00] CB_RECEIVED: chat=2020715168 data=admin_edit_select_15
[2025-10-07T21:28:53+00:00] CB_HANDLED: showProductInfo view pid=15
[2025-10-07T21:28:57+00:00] CB_RECEIVED: chat=2020715168 data=admin_edit_menu_15
[2025-10-07T21:28:59+00:00] CB_HANDLED: open edit menu pid=15
[2025-10-07T21:29:03+00:00] CB_RECEIVED: chat=2020715168 data=admin_edit_toggle_status_15
[2025-10-07T21:29:23+00:00] CB_HANDLED: toggle_status pid=15 -> enable
[2025-10-07T21:29:25+00:00] CB_RECEIVED: chat=2020715168 data=admin_root
[2025-10-07T21:29:34+00:00] CB_RECEIVED: chat=2020715168 data=admin_root
[2025-10-07T21:29:38+00:00] CB_RECEIVED: chat=2020715168 data=admin_panel
[2025-10-07T21:29:39+00:00] CB_HANDLED: open_menu admin_panel
[2025-10-07T21:29:40+00:00] CB_RECEIVED: chat=2020715168 data=admin_root
[2025-10-07T21:29:43+00:00] CB_RECEIVED: chat=2020715168 data=admin_panel
[2025-10-07T21:29:47+00:00] CB_HANDLED: open_menu admin_panel
[2025-10-07T21:29:51+00:00] CB_RECEIVED: chat=2020715168 data=admin_root
[2025-10-07T21:29:54+00:00] CB_RECEIVED: chat=2020715168 data=admin_panel
[2025-10-07T21:29:56+00:00] CB_HANDLED: open_menu admin_panel
[2025-10-07T21:30:00+00:00] CB_RECEIVED: chat=2020715168 data=admin_edit_product_all
[2025-10-07T21:30:04+00:00] CB_RECEIVED: chat=2020715168 data=admin_orders_paid
[2025-10-07T21:30:04+00:00] MSG_RECEIVED: chat=2020715168 text=/admin
[2025-10-07T21:30:15+00:00] CB_RECEIVED: chat=2020715168 data=admin_orders_paid
[2025-10-07T21:30:31+00:00] CB_RECEIVED: chat=2020715168 data=admin_orders_paid
[2025-10-07T21:30:59+00:00] MSG_RECEIVED: chat=2020715168 text=/admin
[2025-10-07T21:31:03+00:00] MSG_HANDLED: open admin root (internal)
[2025-10-07T21:31:03+00:00] MSG_RECEIVED: chat=2020715168 text=/admin
[2025-10-07T21:31:09+00:00] MSG_HANDLED: open admin root (internal)
[2025-10-07T21:31:10+00:00] MSG_RECEIVED: chat=2020715168 text=/start
[2025-10-07T21:31:10+00:00] MSG_INFO: no active state
[2025-10-07T21:31:20+00:00] MSG_HANDLED: open admin root (internal)
[2025-10-07T21:47:05+00:00] MSG_RECEIVED: chat=2020715168 text=/admin
[2025-10-07T21:47:10+00:00] CB_RECEIVED: chat=2020715168 data=admin_orders_paid
[2025-10-07T21:47:24+00:00] CB_RECEIVED: chat=2020715168 data=admin_orders_paid
[2025-10-07T21:55:50+00:00] MSG_RECEIVED: chat=2020715168 text=/admin
[2025-10-07T21:55:58+00:00] CB_RECEIVED: chat=2020715168 data=admin_orders_paid
[2025-10-07T21:55:59+00:00] ORDERS_ERR: SQLSTATE[42S22]: Column not found: 1054 Unknown column 'created_at' in 'field list'
[2025-10-07T22:17:41+00:00] MSG_RECEIVED: chat=2020715168 text=/admin
[2025-10-07T22:17:46+00:00] MSG_HANDLED: open admin root (internal)
[2025-10-07T22:17:50+00:00] CB_RECEIVED: chat=2020715168 data=start
[2025-10-07T22:17:51+00:00] CB_HANDLED: open_menu start
[2025-10-07T22:17:57+00:00] MSG_RECEIVED: chat=2020715168 text=/admin
[2025-10-07T22:17:59+00:00] MSG_HANDLED: open admin root (internal)
[2025-10-07T22:18:09+00:00] CB_RECEIVED: chat=2020715168 data=admin_edit_product_all
[2025-10-07T22:18:16+00:00] CB_RECEIVED: chat=2020715168 data=admin_edit_select_15
[2025-10-07T22:18:17+00:00] CB_HANDLED: showProductInfo view pid=15
[2025-10-07T22:18:25+00:00] CB_RECEIVED: chat=2020715168 data=admin_edit_menu_15
[2025-10-07T22:18:27+00:00] CB_HANDLED: open edit menu pid=15
[2025-10-07T22:18:32+00:00] CB_RECEIVED: chat=2020715168 data=admin_edit_toggle_status_15
[2025-10-07T22:18:34+00:00] CB_HANDLED: toggle_status pid=15 -> disable
[2025-10-07T22:18:38+00:00] CB_RECEIVED: chat=2020715168 data=admin_root
[2025-10-07T22:18:48+00:00] CB_RECEIVED: chat=2020715168 data=start
[2025-10-07T22:18:50+00:00] CB_HANDLED: open_menu start
[2025-10-07T22:18:54+00:00] CB_RECEIVED: chat=2020715168 data=buy_product
[2025-10-07T22:18:56+00:00] CB_FALLBACK: buy_product
[2025-10-07T22:19:01+00:00] CB_RECEIVED: chat=2020715168 data=admin_root
[2025-10-07T22:20:02+00:00] CB_RECEIVED: chat=2020715168 data=admin_edit_product_all
[2025-10-07T22:20:07+00:00] CB_RECEIVED: chat=2020715168 data=admin_edit_select_15
[2025-10-07T22:20:09+00:00] CB_HANDLED: showProductInfo view pid=15
[2025-10-07T22:20:12+00:00] CB_RECEIVED: chat=2020715168 data=admin_edit_menu_15
[2025-10-07T22:20:14+00:00] CB_HANDLED: open edit menu pid=15
[2025-10-07T22:20:18+00:00] CB_RECEIVED: chat=2020715168 data=admin_edit_toggle_status_15
[2025-10-07T22:20:21+00:00] CB_HANDLED: toggle_status pid=15 -> enable
[2025-10-07T22:20:25+00:00] CB_RECEIVED: chat=2020715168 data=admin_root
[2025-10-08T16:51:50+00:00] MSG_RECEIVED: chat=2020715168 text=/admin
[2025-10-08T16:52:06+00:00] CB_RECEIVED: chat=2020715168 data=admin_orders_paid
[2025-10-08T16:52:21+00:00] CB_RECEIVED: chat=2020715168 data=admin_order_view_10
[2025-10-08T16:52:35+00:00] CB_RECEIVED: chat=2020715168 data=admin_order_approve_10
[2025-10-08T16:52:54+00:00] CB_RECEIVED: chat=2020715168 data=admin_order_approve_10
[2025-10-08T16:54:30+00:00] CB_RECEIVED: chat=2020715168 data=admin_contact_buyer_10
[2025-10-08T16:54:32+00:00] CB_HANDLED: contact_buyer oid=10 buyer=6082580726
[2025-10-08T16:54:36+00:00] MSG_RECEIVED: chat=2020715168 text=Ggg
[2025-10-08T16:54:45+00:00] DIALOG_INFO: sent to buyer=6082580726 by admin=2020715168 order=10
[2025-10-08T16:54:45+00:00] MSG_RECEIVED: chat=2020715168 text=اینا چیه؟
[2025-10-08T16:54:50+00:00] DIALOG_INFO: sent to buyer=6082580726 by admin=2020715168 order=10
[2025-10-08T16:55:03+00:00] CB_RECEIVED: chat=2020715168 data=admin_root
[2025-10-08T16:55:11+00:00] CB_RECEIVED: chat=2020715168 data=admin_orders_paid
[2025-10-08T16:55:16+00:00] CB_RECEIVED: chat=2020715168 data=admin_order_view_10
[2025-10-08T17:00:19+00:00] CB_RECEIVED: chat=2020715168 data=admin_order_approve_10
[2025-10-08T17:00:59+00:00] CB_RECEIVED: chat=2020715168 data=admin_orders_paid
[2025-10-08T17:04:56+00:00] CB_RECEIVED: chat=2020715168 data=admin_root
[2025-10-08T17:05:02+00:00] CB_RECEIVED: chat=2020715168 data=admin_orders_paid
[2025-10-08T17:05:24+00:00] CB_RECEIVED: chat=2020715168 data=admin_root
[2025-10-08T17:06:03+00:00] CB_RECEIVED: chat=2020715168 data=admin_root
[2025-10-08T17:06:09+00:00] CB_RECEIVED: chat=2020715168 data=admin_orders_paid
[2025-10-08T17:06:12+00:00] CB_RECEIVED: chat=2020715168 data=admin_orders_paid
[2025-10-08T17:31:33+00:00] CB_RECEIVED: chat=2020715168 data=admin_root
[2025-10-08T17:31:38+00:00] CB_RECEIVED: chat=2020715168 data=admin_root
[2025-10-08T17:31:57+00:00] CB_RECEIVED: chat=2020715168 data=admin_manage_categories
[2025-10-08T17:32:10+00:00] CB_RECEIVED: chat=2020715168 data=admin_toggle_category_5
[2025-10-08T17:32:27+00:00] CB_RECEIVED: chat=2020715168 data=admin_toggle_category_4
[2025-10-08T17:32:42+00:00] CB_RECEIVED: chat=2020715168 data=admin_toggle_category_4
[2025-10-08T17:33:56+00:00] CB_RECEIVED: chat=2020715168 data=admin_toggle_category_4
[2025-10-08T17:34:08+00:00] CB_RECEIVED: chat=2020715168 data=admin_root
[2025-10-08T17:34:14+00:00] CB_RECEIVED: chat=2020715168 data=admin_root
[2025-10-08T17:41:16+00:00] CB_RECEIVED: chat=2020715168 data=admin_root
[2025-10-08T17:52:44+00:00] CB_RECEIVED: chat=2020715168 data=admin_edit_product_all
[2025-10-08T17:52:49+00:00] CB_RECEIVED: chat=2020715168 data=admin_edit_select_14
[2025-10-08T17:52:52+00:00] CB_HANDLED: showProductInfo view pid=14
[2025-10-08T17:52:55+00:00] CB_RECEIVED: chat=2020715168 data=admin_edit_menu_14
[2025-10-08T17:52:57+00:00] CB_HANDLED: open edit menu pid=14
[2025-10-08T17:52:59+00:00] CB_RECEIVED: chat=2020715168 data=admin_edit_product_all
[2025-10-08T17:53:03+00:00] CB_RECEIVED: chat=2020715168 data=admin_root
[2025-10-08T17:57:58+00:00] MSG_RECEIVED: chat=2020715168 text=/admin
[2025-10-08T18:04:47+00:00] CB_RECEIVED: chat=2020715168 data=start
[2025-10-08T18:04:49+00:00] CB_HANDLED: open_menu start
[2025-10-08T18:04:51+00:00] CB_RECEIVED: chat=2020715168 data=buy_product
[2025-10-08T18:04:56+00:00] CB_FALLBACK: buy_product
[2025-10-08T18:04:56+00:00] CB_RECEIVED: chat=2020715168 data=admin_root
[2025-10-08T18:05:05+00:00] CB_RECEIVED: chat=2020715168 data=start
[2025-10-08T18:05:06+00:00] CB_HANDLED: open_menu start
[2025-10-08T18:05:10+00:00] CB_RECEIVED: chat=2020715168 data=my_orders
[2025-10-08T18:06:14+00:00] MSG_RECEIVED: chat=2020715168 text=/admin
[2025-10-08T18:06:31+00:00] MSG_RECEIVED: chat=2020715168 text=/admin
[2025-10-08T18:06:36+00:00] CB_RECEIVED: chat=2020715168 data=my_orders
[2025-10-08T18:06:40+00:00] CB_FALLBACK: my_orders
[2025-10-08T18:09:32+00:00] CB_FALLBACK: my_orders
[2025-10-08T18:33:51+00:00] MSG_RECEIVED: chat=2020715168 text=/start
[2025-10-08T18:34:30+00:00] CB_RECEIVED: chat=2020715168 data=admin_orders_paid
[2025-10-08T18:34:34+00:00] CB_RECEIVED: chat=2020715168 data=admin_root
[2025-10-08T18:34:39+00:00] CB_RECEIVED: chat=2020715168 data=admin_delete_category
[2025-10-08T18:34:45+00:00] CB_RECEIVED: chat=2020715168 data=admin_delete_category_select_5
[2025-10-08T18:34:53+00:00] CB_RECEIVED: chat=2020715168 data=admin_delete_category
[2025-10-08T18:34:56+00:00] CB_RECEIVED: chat=2020715168 data=admin_delete_category_select_4
[2025-10-08T18:35:02+00:00] CB_RECEIVED: chat=2020715168 data=admin_delete_category
[2025-10-08T18:35:09+00:00] CB_RECEIVED: chat=2020715168 data=admin_root
[2025-10-08T18:35:13+00:00] CB_RECEIVED: chat=2020715168 data=admin_delete_product
[2025-10-08T18:35:14+00:00] CB_HANDLED: list delete_product
[2025-10-08T18:35:18+00:00] CB_RECEIVED: chat=2020715168 data=admin_delete_select_14
[2025-10-08T18:35:19+00:00] CB_HANDLED: showProductInfo delete pid=14
[2025-10-08T18:44:44+00:00] CB_RECEIVED: chat=2020715168 data=admin_panel
[2025-10-08T18:44:46+00:00] CB_HANDLED: open_menu admin_panel
[2025-10-08T18:44:49+00:00] CB_RECEIVED: chat=2020715168 data=admin_delete_product
[2025-10-08T18:44:50+00:00] CB_HANDLED: list delete_product
[2025-10-08T18:44:52+00:00] CB_RECEIVED: chat=2020715168 data=admin_delete_select_14
[2025-10-08T18:44:53+00:00] CB_HANDLED: showProductInfo delete pid=14
[2025-10-08T18:44:59+00:00] CB_RECEIVED: chat=2020715168 data=admin_delete_confirm_14
[2025-10-08T18:45:00+00:00] CB_HANDLED: delete_confirm pid=14
[2025-10-08T18:45:03+00:00] CB_RECEIVED: chat=2020715168 data=admin_root
[2025-10-08T18:45:08+00:00] CB_RECEIVED: chat=2020715168 data=admin_delete_category
[2025-10-08T18:45:11+00:00] CB_RECEIVED: chat=2020715168 data=admin_delete_category_select_4
[2025-10-08T18:45:18+00:00] CB_RECEIVED: chat=2020715168 data=admin_delete_category
[2025-10-08T18:45:43+00:00] CB_RECEIVED: chat=2020715168 data=admin_root
[2025-10-08T18:45:48+00:00] CB_RECEIVED: chat=2020715168 data=admin_delete_product
[2025-10-08T18:45:49+00:00] CB_HANDLED: list delete_product
[2025-10-08T18:46:42+00:00] CB_RECEIVED: chat=2020715168 data=admin_panel
[2025-10-08T18:46:43+00:00] CB_HANDLED: open_menu admin_panel
[2025-10-08T18:46:46+00:00] CB_RECEIVED: chat=2020715168 data=admin_edit_product_all
[2025-10-08T18:47:29+00:00] CB_RECEIVED: chat=2020715168 data=admin_root
[2025-10-08T18:49:08+00:00] CB_RECEIVED: chat=2020715168 data=admin_delete_product
[2025-10-08T18:49:09+00:00] CB_HANDLED: list delete_product
[2025-10-08T18:49:21+00:00] CB_RECEIVED: chat=2020715168 data=admin_delete_select_14
[2025-10-08T18:49:22+00:00] CB_HANDLED: showProductInfo delete pid=14
[2025-10-08T18:49:31+00:00] CB_RECEIVED: chat=2020715168 data=admin_delete_confirm_14
[2025-10-08T18:49:32+00:00] CB_HANDLED: delete_confirm pid=14
[2025-10-08T18:49:43+00:00] CB_RECEIVED: chat=2020715168 data=admin_root
[2025-10-08T18:49:46+00:00] CB_RECEIVED: chat=2020715168 data=admin_delete_product
[2025-10-08T18:49:47+00:00] CB_HANDLED: list delete_product
[2025-10-08T18:57:21+00:00] CB_RECEIVED: chat=2020715168 data=admin_root
[2025-10-08T18:57:27+00:00] CB_RECEIVED: chat=2020715168 data=admin_edit_product_all
[2025-10-08T18:57:36+00:00] CB_RECEIVED: chat=2020715168 data=admin_edit_select_10
[2025-10-08T18:57:37+00:00] CB_HANDLED: showProductInfo view pid=10
[2025-10-08T18:57:43+00:00] CB_RECEIVED: chat=2020715168 data=admin_edit_menu_10
[2025-10-08T18:57:44+00:00] CB_HANDLED: open edit menu pid=10
[2025-10-08T18:57:46+00:00] CB_RECEIVED: chat=2020715168 data=admin_edit_field_price_10
[2025-10-08T18:57:47+00:00] CB_HANDLED: start edit field=price pid=10
[2025-10-08T18:58:00+00:00] MSG_RECEIVED: chat=2020715168 text=99999999
[2025-10-08T18:58:06+00:00] EDIT_DONE: field=price pid=10 value=99999999
[2025-10-08T18:58:11+00:00] CB_RECEIVED: chat=2020715168 data=admin_edit_product_all
[2025-10-08T18:58:15+00:00] CB_RECEIVED: chat=2020715168 data=admin_root
[2025-10-08T18:58:20+00:00] CB_RECEIVED: chat=2020715168 data=admin_orders_paid
[2025-10-08T18:58:24+00:00] CB_RECEIVED: chat=2020715168 data=admin_order_view_10
